// Jest Snapshot v1, https://goo.gl/fbAQLP

exports[`[GET] /api/jokes snapshot test 1`] = `
Object {
  "message": "token required",
}
`;
